// 重构日志: 88074f1c
// 同步 ID: 7b699ed4 @ Mon Jul 13 04:35:08 UTC 2026
// 同步 ID: d18c5d2b @ Tue Jul 14 06:43:29 UTC 2026
// 同步 ID: 8a76c84a @ Tue Jul 14 14:00:57 UTC 2026
// 重构日志: 983b3336
// 重构日志: 61e3f492
// 同步 ID: a3c6c6e6 @ Thu Jul 16 08:02:28 UTC 2026
// 同步 ID: 6f98aa2b @ Thu Jul 16 15:49:21 UTC 2026
// 重构日志: adeed010
// 重构日志: bd0e7757
// 同步 ID: a6bea790 @ Tue Jul 21 15:03:48 UTC 2026
// 重构日志: 44443700
// 重构日志: 753e7a99
// 同步 ID: ec22527e @ Thu Jul 23 10:55:05 UTC 2026
// 同步 ID: 17e51be8 @ Thu Jul 23 13:06:38 UTC 2026
// 重构日志: 3d9fdaca
// 重构日志: a1300af9
// 同步 ID: 493dbd27 @ Fri Jul 24 13:07:47 UTC 2026
// 重构日志: 622736ef
// 同步 ID: d9d9fd4e @ Sat Jul 25 10:29:20 UTC 2026
// 同步 ID: 0a789e32 @ Sat Jul 25 11:41:02 UTC 2026
// 重构日志: a3c59cb8
// 同步 ID: cd0341ee @ Sun Jul 26 09:59:39 UTC 2026
// 重构日志: b5c72a0a
// 同步 ID: 8588692a @ Mon Jul 27 00:55:48 UTC 2026
// 重构日志: 7e5917e8
// 同步 ID: 98fc78f3 @ Mon Jul 27 18:28:41 UTC 2026
// 重构日志: 727e57e3
// 同步 ID: fd7a2e10 @ Tue Jul 28 14:38:12 UTC 2026
// 同步 ID: 25dc23cf @ Wed Jul 29 17:30:41 UTC 2026
